-- Found Wayland: /usr/lib/libwayland-client.so;/usr/lib/libwayland-server.so;/usr/lib/libwayland-cursor.so;/usr/lib/libwayland-egl.so (found version "1.24.0")
-- Found Wayland: /usr/lib/libwayland-client.so;/usr/lib/libwayland-server.so;/usr/lib/libwayland-cursor.so;/usr/lib/libwayland-egl.so (found version "1.24.0") found components: Client
-- KF6 VERSION : 6.19.0
-- KF6 VERSION MINOR : 19
-- COMPILER FLAGS :  -fno-operator-names -fno-exceptions  -Wextra -Wcast-align -Wchar-subscripts -Wformat-security -Wno-long-long -Wpointer-arith -Wundef -Wnon-virtual-dtor -Woverloaded-virtual -Werror=return-type -Werror=init-self -Werror=undef -Wvla -Wdate-time -Wsuggest-override -Wlogical-op -pedantic -Wzero-as-null-pointer-constant -Wmissing-include-dirs -Wformat -Werror=format-security
-- Found qmllint: /usr/bin/qmllint
-- Enabling QML debugging and profiling
-- Configuring done (1.6s)
-- Generating done (0.1s)
-- Build files have been written to: /home/sam/Documents/dev/latte-dock/build
[  0%] Built target lattecoreplugin_autogen_timestamp_deps
[  1%] Built target latte_packagestructure_indicator_autogen_timestamp_deps
[  1%] Generating ts...
[  2%] Generating mo...
[  2%] Built target latte-dock_autogen_timestamp_deps
[  2%] Built target plasma_containmentactions_lattecontextmenu_autogen_timestamp_deps
[  2%] Built target lattecontainmentplugin_autogen_timestamp_deps
[  2%] Built target lattetasksplugin_autogen_timestamp_deps
[  2%] Built target pofiles-3db632b4b7d16f6228e617c00fd1fb1e
[  3%] Built target lattecoreplugin_autogen
[  3%] Built target tsfiles-3db632b4b7d16f6228e617c00fd1fb1e
[  3%] Automatic MOC for target lattecontainmentplugin
[  5%] Built target lattetasksplugin_autogen
[  5%] Automatic MOC for target latte_packagestructure_indicator
[  5%] Automatic MOC for target plasma_containmentactions_lattecontextmenu
[  6%] Automatic MOC for target latte-dock
[  6%] Built target lattecontainmentplugin_autogen
[  6%] Building CXX object declarativeimports/core/CMakeFiles/lattecoreplugin.dir/iconitem.cpp.o
[  7%] Building CXX object declarativeimports/core/CMakeFiles/lattecoreplugin.dir/environment.cpp.o
[  8%] Building CXX object declarativeimports/core/CMakeFiles/lattecoreplugin.dir/lattecoreplugin_autogen/mocs_compilation.cpp.o
[  8%] Building CXX object declarativeimports/core/CMakeFiles/lattecoreplugin.dir/lattecoreplugin.cpp.o
[  8%] Building CXX object declarativeimports/core/CMakeFiles/lattecoreplugin.dir/dialog.cpp.o
[  9%] Building CXX object plasmoid/CMakeFiles/lattetasksplugin.dir/plugin/lattetasksplugin.cpp.o
[ 10%] Building CXX object containment/CMakeFiles/lattecontainmentplugin.dir/plugin/layoutmanager.cpp.o
[ 10%] Built target latte_packagestructure_indicator_autogen
In file included from /home/sam/Documents/dev/latte-dock/build/declarativeimports/core/lattecoreplugin_autogen/EWIEGA46WW/moc_iconitem.cpp:9,
                 from /home/sam/Documents/dev/latte-dock/build/declarativeimports/core/lattecoreplugin_autogen/mocs_compilation.cpp:5:
/home/sam/Documents/dev/latte-dock/build/declarativeimports/core/lattecoreplugin_autogen/EWIEGA46WW/../../../../../declarativeimports/core/iconitem.h:25:10: fatal error: Plasma5Support/Svg: No such file or directory
   25 | #include <Plasma5Support/Svg>
      |          ^~~~~~~~~~~~~~~~~~~~
compilation terminated.
make[2]: *** [declarativeimports/core/CMakeFiles/lattecoreplugin.dir/build.make:85: declarativeimports/core/CMakeFiles/lattecoreplugin.dir/lattecoreplugin_autogen/mocs_compilation.cpp.o] Error 1
make[2]: *** Waiting for unfinished jobs....
[ 11%] Building CXX object app/packageplugins/indicator/CMakeFiles/latte_packagestructure_indicator.dir/indicatorpackage.cpp.o
In file included from /home/sam/Documents/dev/latte-dock/declarativeimports/core/iconitem.cpp:12:
/home/sam/Documents/dev/latte-dock/declarativeimports/core/iconitem.h:25:10: fatal error: Plasma5Support/Svg: No such file or directory
   25 | #include <Plasma5Support/Svg>
      |          ^~~~~~~~~~~~~~~~~~~~
compilation terminated.
make[2]: *** [declarativeimports/core/CMakeFiles/lattecoreplugin.dir/build.make:141: declarativeimports/core/CMakeFiles/lattecoreplugin.dir/iconitem.cpp.o] Error 1
[ 11%] Built target plasma_containmentactions_lattecontextmenu_autogen
In file included from /home/sam/Documents/dev/latte-dock/declarativeimports/core/lattecoreplugin.cpp:13:
/home/sam/Documents/dev/latte-dock/declarativeimports/core/iconitem.h:25:10: fatal error: Plasma5Support/Svg: No such file or directory
   25 | #include <Plasma5Support/Svg>
      |          ^~~~~~~~~~~~~~~~~~~~
compilation terminated.
make[2]: *** [declarativeimports/core/CMakeFiles/lattecoreplugin.dir/build.make:99: declarativeimports/core/CMakeFiles/lattecoreplugin.dir/lattecoreplugin.cpp.o] Error 1
[ 11%] Building CXX object containmentactions/contextmenu/CMakeFiles/plasma_containmentactions_lattecontextmenu.dir/menu.cpp.o
[ 11%] Built target latte-dock_autogen
[ 13%] Building CXX object app/CMakeFiles/latte-dock.dir/lattecorona.cpp.o
[ 13%] Building CXX object app/CMakeFiles/latte-dock.dir/latte-dock_autogen/mocs_compilation.cpp.o
[ 13%] Building CXX object app/CMakeFiles/latte-dock.dir/alternativeshelper.cpp.o
[ 13%] Building CXX object app/CMakeFiles/latte-dock.dir/infoview.cpp.o
[ 14%] Building CXX object app/CMakeFiles/latte-dock.dir/screenpool.cpp.o
[ 14%] Building CXX object app/CMakeFiles/latte-dock.dir/primaryoutputwatcher.cpp.o
[ 15%] Building CXX object app/CMakeFiles/latte-dock.dir/main.cpp.o
[ 16%] Building CXX object app/CMakeFiles/latte-dock.dir/data/layoutcolordata.cpp.o
[ 17%] Building CXX object app/CMakeFiles/latte-dock.dir/data/preferencesdata.cpp.o
[ 17%] Building CXX object app/CMakeFiles/latte-dock.dir/data/genericdata.cpp.o
[ 18%] Building CXX object app/CMakeFiles/latte-dock.dir/data/errorinformationdata.cpp.o
[ 18%] Building CXX object app/CMakeFiles/latte-dock.dir/data/generictable.cpp.o
[ 18%] Building CXX object app/CMakeFiles/latte-dock.dir/data/genericbasictable.cpp.o
[ 18%] Building CXX object app/CMakeFiles/latte-dock.dir/data/activitydata.cpp.o
[ 19%] Building CXX object app/CMakeFiles/latte-dock.dir/data/layoutstable.cpp.o
[ 20%] Building CXX object app/CMakeFiles/latte-dock.dir/data/layoutdata.cpp.o
[ 20%] Building CXX object app/CMakeFiles/latte-dock.dir/data/layouticondata.cpp.o
[ 19%] Building CXX object app/CMakeFiles/latte-dock.dir/data/screendata.cpp.o
/home/sam/Documents/dev/latte-dock/app/primaryoutputwatcher.cpp:16:10: fatal error: KWayland/Client/connection_thread.h: No such file or directory
   16 | #include <KWayland/Client/connection_thread.h>
      |          ^~~~~~~~~~~~~~~~~~~~~~~~~~~~~~~~~~~~~
compilation terminated.
make[2]: *** [app/CMakeFiles/latte-dock.dir/build.make:223: app/CMakeFiles/latte-dock.dir/primaryoutputwatcher.cpp.o] Error 1
make[2]: *** Waiting for unfinished jobs....
In file included from /home/sam/Documents/dev/latte-dock/build/app/latte-dock_autogen/ZUF5Y6WZWO/moc_interfaces.cpp:9,
                 from /home/sam/Documents/dev/latte-dock/build/app/latte-dock_autogen/mocs_compilation.cpp:4:
/home/sam/Documents/dev/latte-dock/build/app/latte-dock_autogen/ZUF5Y6WZWO/../../../../app/declarativeimports/interfaces.h:14:10: fatal error: PlasmaQuick/AppletQuickItem: No such file or directory
   14 | #include <PlasmaQuick/AppletQuickItem>
      |          ^~~~~~~~~~~~~~~~~~~~~~~~~~~~~
compilation terminated.
make[2]: *** [app/CMakeFiles/latte-dock.dir/build.make:139: app/CMakeFiles/latte-dock.dir/latte-dock_autogen/mocs_compilation.cpp.o] Error 1
In file included from /home/sam/Documents/dev/latte-dock/app/lattecorona.h:15,
                 from /home/sam/Documents/dev/latte-dock/app/lattecorona.cpp:8:
/home/sam/Documents/dev/latte-dock/app/view/panelshadows_p.h:11:10: fatal error: plasma/framesvg.h: No such file or directory
   11 | #include "plasma/framesvg.h"
      |          ^~~~~~~~~~~~~~~~~~~
compilation terminated.
make[2]: *** [app/CMakeFiles/latte-dock.dir/build.make:195: app/CMakeFiles/latte-dock.dir/lattecorona.cpp.o] Error 1
In file included from /home/sam/Documents/dev/latte-dock/app/lattecorona.h:15,
                 from /home/sam/Documents/dev/latte-dock/app/main.cpp:11:
/home/sam/Documents/dev/latte-dock/app/view/panelshadows_p.h:11:10: fatal error: plasma/framesvg.h: No such file or directory
   11 | #include "plasma/framesvg.h"
      |          ^~~~~~~~~~~~~~~~~~~
compilation terminated.
make[2]: *** [app/CMakeFiles/latte-dock.dir/build.make:237: app/CMakeFiles/latte-dock.dir/main.cpp.o] Error 1
/home/sam/Documents/dev/latte-dock/app/alternativeshelper.cpp:14:10: fatal error: KPackage/Package: No such file or directory
   14 | #include <KPackage/Package>
      |          ^~~~~~~~~~~~~~~~~~
compilation terminated.
make[2]: *** [app/CMakeFiles/latte-dock.dir/build.make:153: app/CMakeFiles/latte-dock.dir/alternativeshelper.cpp.o] Error 1
In file included from /home/sam/Documents/dev/latte-dock/app/lattecorona.h:15,
                 from /home/sam/Documents/dev/latte-dock/app/infoview.h:12,
                 from /home/sam/Documents/dev/latte-dock/app/infoview.cpp:8:
/home/sam/Documents/dev/latte-dock/app/view/panelshadows_p.h:11:10: fatal error: plasma/framesvg.h: No such file or directory
   11 | #include "plasma/framesvg.h"
      |          ^~~~~~~~~~~~~~~~~~~
compilation terminated.
make[2]: *** [app/CMakeFiles/latte-dock.dir/build.make:181: app/CMakeFiles/latte-dock.dir/infoview.cpp.o] Error 1
/home/sam/Documents/dev/latte-dock/app/data/screendata.cpp: In member function ‘void Latte::Data::Screen::init(const QString&, const QString&)’:
/home/sam/Documents/dev/latte-dock/app/data/screendata.cpp:93:42: error: use of deleted function ‘QString::QString(const char*)’
   93 |     QStringList parts = serialized.split(SERIALIZESPLITTER);
      |                                          ^~~~~~~~~~~~~~~~~
In file included from /usr/include/qt6/QtCore/qhashfunctions.h:9,
                 from /usr/include/qt6/QtCore/qlist.h:11,
                 from /usr/include/qt6/QtCore/QList:1,
                 from /home/sam/Documents/dev/latte-dock/app/data/generictable.h:13,
                 from /home/sam/Documents/dev/latte-dock/app/data/genericdata.h:10,
                 from /home/sam/Documents/dev/latte-dock/app/data/screendata.h:10,
                 from /home/sam/Documents/dev/latte-dock/app/data/screendata.cpp:6:
/usr/include/qt6/QtCore/qstring.h:1104:5: note: declared here
 1104 |     QString(const char *ch) QSTRING_DECL_DELETED_ASCII_OP;
      |     ^~~~~~~
/home/sam/Documents/dev/latte-dock/app/data/screendata.cpp:93:42: note: use ‘-fdiagnostics-all-candidates’ to display considered candidates
   93 |     QStringList parts = serialized.split(SERIALIZESPLITTER);
      |                                          ^~~~~~~~~~~~~~~~~
/home/sam/Documents/dev/latte-dock/app/data/screendata.cpp: In member function ‘QString Latte::Data::Screen::serialize() const’:
/home/sam/Documents/dev/latte-dock/app/data/screendata.cpp:118:24: error: use of deleted function ‘QString::QString(const char*)’
  118 |     return result.join(SERIALIZESPLITTER);
      |                        ^~~~~~~~~~~~~~~~~
/usr/include/qt6/QtCore/qstring.h:1104:5: note: declared here
 1104 |     QString(const char *ch) QSTRING_DECL_DELETED_ASCII_OP;
      |     ^~~~~~~
/home/sam/Documents/dev/latte-dock/app/data/screendata.cpp:118:24: note: use ‘-fdiagnostics-all-candidates’ to display considered candidates
  118 |     return result.join(SERIALIZESPLITTER);
      |                        ^~~~~~~~~~~~~~~~~
/home/sam/Documents/dev/latte-dock/declarativeimports/core/environment.cpp: In member function ‘uint Latte::Environment::frameworksVersion() const’:
/home/sam/Documents/dev/latte-dock/declarativeimports/core/environment.cpp:44:12: error: ‘Plasma’ has not been declared
   44 |     return Plasma::version();
      |            ^~~~~~
/home/sam/Documents/dev/latte-dock/declarativeimports/core/environment.cpp: In member function ‘uint Latte::Environment::identifyPlasmaDesktopVersion()’:
/home/sam/Documents/dev/latte-dock/declarativeimports/core/environment.cpp:64:77: error: use of deleted function ‘QString::QString(const char*)’
   64 |     QStringList plasmaDesktopVersionParts = QString(PLASMA_WORKSPACE_VERSION).split(".");
      |                                                                             ^
In file included from /usr/include/qt6/QtCore/qobject.h:11,
                 from /usr/include/qt6/QtCore/QObject:1,
                 from /home/sam/Documents/dev/latte-dock/declarativeimports/core/environment.h:10,
                 from /home/sam/Documents/dev/latte-dock/declarativeimports/core/environment.cpp:6:
/usr/include/qt6/QtCore/qstring.h:1104:5: note: declared here
 1104 |     QString(const char *ch) QSTRING_DECL_DELETED_ASCII_OP;
      |     ^~~~~~~
/home/sam/Documents/dev/latte-dock/declarativeimports/core/environment.cpp:64:77: note: use ‘-fdiagnostics-all-candidates’ to display considered candidates
   64 |     QStringList plasmaDesktopVersionParts = QString(PLASMA_WORKSPACE_VERSION).split(".");
      |                                                                             ^
make[2]: *** [app/CMakeFiles/latte-dock.dir/build.make:419: app/CMakeFiles/latte-dock.dir/data/screendata.cpp.o] Error 1
make[2]: *** [declarativeimports/core/CMakeFiles/lattecoreplugin.dir/build.make:127: declarativeimports/core/CMakeFiles/lattecoreplugin.dir/environment.cpp.o] Error 1
In file included from /home/sam/Documents/dev/latte-dock/app/data/layoutdata.cpp:6:
/home/sam/Documents/dev/latte-dock/app/data/layoutdata.h:40:41: error: use of deleted function ‘QString::QString(const char*)’
   40 |     QString schemeFile{DEFAULTSCHEMEFILE};
      |                                         ^
In file included from /usr/include/qt6/QtCore/qhashfunctions.h:9,
                 from /usr/include/qt6/QtCore/qlist.h:11,
                 from /usr/include/qt6/QtCore/QList:1,
                 from /home/sam/Documents/dev/latte-dock/app/data/generictable.h:13,
                 from /home/sam/Documents/dev/latte-dock/app/data/genericdata.h:10,
                 from /home/sam/Documents/dev/latte-dock/app/data/layoutdata.h:10:
/usr/include/qt6/QtCore/qstring.h:1104:5: note: declared here
 1104 |     QString(const char *ch) QSTRING_DECL_DELETED_ASCII_OP;
      |     ^~~~~~~
/home/sam/Documents/dev/latte-dock/app/data/layoutdata.h:40:41: note: use ‘-fdiagnostics-all-candidates’ to display considered candidates
   40 |     QString schemeFile{DEFAULTSCHEMEFILE};
      |                                         ^
[ 20%] Linking CXX shared module ../../../bin/kpackage/packagestructure/latte_indicator.so
/home/sam/Documents/dev/latte-dock/declarativeimports/core/dialog.cpp: In member function ‘void Latte::Quick::Dialog::setContainsMouse(bool)’:
/home/sam/Documents/dev/latte-dock/declarativeimports/core/dialog.cpp:34:5: error: ‘emit’ was not declared in this scope; did you mean ‘exit’?
   34 |     emit containsMouseChanged();
      |     ^~~~
      |     exit
/home/sam/Documents/dev/latte-dock/declarativeimports/core/dialog.cpp: In member function ‘void Latte::Quick::Dialog::setEdge(const Plasma::Types::Location&)’:
/home/sam/Documents/dev/latte-dock/declarativeimports/core/dialog.cpp:49:5: error: ‘emit’ was not declared in this scope; did you mean ‘exit’?
   49 |     emit edgeChanged();
      |     ^~~~
      |     exit
/home/sam/Documents/dev/latte-dock/declarativeimports/core/dialog.cpp: In member function ‘void Latte::Quick::Dialog::onVisualParentChanged()’:
/home/sam/Documents/dev/latte-dock/declarativeimports/core/dialog.cpp:82:99: error: cannot convert ‘QByteArray’ to ‘const char*’
   82 |     bool hassignal = (visualParent()->metaObject()->indexOfSignal(QMetaObject::normalizedSignature("anchoredTooltipPositionChanged()")) != -1);
      |                                                                   ~~~~~~~~~~~~~~~~~~~~~~~~~~~~~~~~^~~~~~~~~~~~~~~~~~~~~~~~~~~~~~~~~~~~
      |                                                                                                   |
      |                                                                                                   QByteArray
In file included from /usr/include/qt6/QtCore/qobject.h:10,
                 from /usr/include/qt6/QtCore/qabstracteventdispatcher.h:7,
                 from /usr/include/qt6/QtCore/qbasictimer.h:8,
                 from /usr/include/qt6/QtCore/qcoreevent.h:7,
                 from /usr/include/qt6/QtCore/QEvent:1,
                 from /home/sam/Documents/dev/latte-dock/declarativeimports/core/dialog.h:10,
                 from /home/sam/Documents/dev/latte-dock/declarativeimports/core/dialog.cpp:6:
/usr/include/qt6/QtCore/qobjectdefs.h:263:35: note: initializing argument 1 of ‘int QMetaObject::indexOfSignal(const char*) const’
  263 |     int indexOfSignal(const char *signal) const;
      |                       ~~~~~~~~~~~~^~~~~~
In file included from /home/sam/Documents/dev/latte-dock/app/data/layoutstable.h:11,
                 from /home/sam/Documents/dev/latte-dock/app/data/layoutstable.cpp:6:
/home/sam/Documents/dev/latte-dock/app/data/layoutdata.h:40:41: error: use of deleted function ‘QString::QString(const char*)’
   40 |     QString schemeFile{DEFAULTSCHEMEFILE};
      |                                         ^
In file included from /usr/include/qt6/QtCore/QString:1,
                 from /home/sam/Documents/dev/latte-dock/app/data/genericdata.h:13,
                 from /home/sam/Documents/dev/latte-dock/app/data/generictable.h:10,
                 from /home/sam/Documents/dev/latte-dock/app/data/layoutstable.h:10:
/usr/include/qt6/QtCore/qstring.h:1104:5: note: declared here
 1104 |     QString(const char *ch) QSTRING_DECL_DELETED_ASCII_OP;
      |     ^~~~~~~
/home/sam/Documents/dev/latte-dock/app/data/layoutdata.h:40:41: note: use ‘-fdiagnostics-all-candidates’ to display considered candidates
   40 |     QString schemeFile{DEFAULTSCHEMEFILE};
      |                                         ^
/home/sam/Documents/dev/latte-dock/app/data/layoutstable.cpp: In member function ‘void Latte::Data::LayoutsTable::setLayoutForFreeActivities(const QString&)’:
/home/sam/Documents/dev/latte-dock/app/data/layoutstable.cpp:66:76: error: no matching function for call to ‘QList<QString>::QList(const char* const&)’
   66 |         m_list[row].activities = QStringList(Data::Layout::FREEACTIVITIESID);
      |                                                                            ^
/home/sam/Documents/dev/latte-dock/app/data/layoutstable.cpp:66:76: note: there are 10 candidates
In file included from /usr/include/qt6/QtCore/QList:1,
                 from /home/sam/Documents/dev/latte-dock/app/data/generictable.h:13:
/usr/include/qt6/QtCore/qlist.h:301:14: note: candidate 1: ‘QList<T>::QList(qsizetype) [with T = QString; qsizetype = long long int]’ (near match)
  301 |     explicit QList(qsizetype size)
      |              ^~~~~
/usr/include/qt6/QtCore/qlist.h:301:14: note: conversion of argument 1 would be ill-formed:
/home/sam/Documents/dev/latte-dock/app/data/layoutstable.cpp:66:60: error: invalid conversion from ‘const char*’ to ‘qsizetype’ {aka ‘long long int’} [-fpermissive]
   66 |         m_list[row].activities = QStringList(Data::Layout::FREEACTIVITIESID);
      |                                              ~~~~~~~~~~~~~~^~~~~~~~~~~~~~~~
      |                                                            |
      |                                                            const char*
/usr/include/qt6/QtCore/qlist.h:349:21: note: candidate 2: ‘template<class String, class> QList<T>::QList(const String&) [with <template-parameter-2-2> = String; T = QString]’
  349 |     inline explicit QList(const String &str)
      |                     ^~~~~
/usr/include/qt6/QtCore/qlist.h:349:21: note: template argument deduction/substitution failed:
In file included from /usr/include/qt6/QtCore/qglobal.h:13,
                 from /usr/include/qt6/QtCore/qchar.h:8,
                 from /usr/include/qt6/QtCore/qstring.h:15:
/usr/include/c++/15.2.1/type_traits: In substitution of ‘template<bool _Cond, class _Tp> using std::enable_if_t = typename std::enable_if::type [with bool _Cond = false; _Tp = void]’:
/usr/include/qt6/QtCore/qlist.h:348:31:   required from here
  348 |     template<typename String, typename = std::enable_if_t<std::is_same_v<T, QString> && std::is_convertible_v<String, QString>>>
      |                               ^~~~~~~~
/usr/include/c++/15.2.1/type_traits:2837:11: error: no type named ‘type’ in ‘struct std::enable_if<false, void>’
 2837 |     using enable_if_t = typename enable_if<_Cond, _Tp>::type;
      |           ^~~~~~~~~~~
/usr/include/qt6/QtCore/qlist.h:327:5: note: candidate 3: ‘template<class InputIterator, typename std::enable_if<std::is_convertible<typename std::iterator_traits<_Iterator>::iterator_category, std::input_iterator_tag>::value, bool>::type <anonymous> > QList<T>::QList(InputIterator, InputIterator) [with typename std::enable_if<std::is_convertible<typename std::iterator_traits<_InputIterator>::iterator_category, std::input_iterator_tag>::value, bool>::type <anonymous> = InputIterator; T = QString]’
  327 |     QList(InputIterator i1, InputIterator i2)
      |     ^~~~~
/usr/include/qt6/QtCore/qlist.h:327:5: note: candidate expects 2 arguments, 1 provided
/usr/include/qt6/QtCore/qlist.h:352:5: note: candidate 4: ‘QList<T>::QList(qsizetype, Qt::Initialization) [with T = QString; qsizetype = long long int]’
  352 |     QList(qsizetype size, Qt::Initialization)
      |     ^~~~~
/usr/include/qt6/QtCore/qlist.h:352:5: note: candidate expects 2 arguments, 1 provided
/usr/include/qt6/QtCore/qlist.h:314:12: note: candidate 5: ‘QList<T>::QList(std::initializer_list<_Tp>) [with T = QString]’
  314 |     inline QList(std::initializer_list<T> args)
      |            ^~~~~
/usr/include/qt6/QtCore/qlist.h:314:43: note: no known conversion for argument 1 from ‘const char* const’ to ‘std::initializer_list<QString>’
  314 |     inline QList(std::initializer_list<T> args)
      |                  ~~~~~~~~~~~~~~~~~~~~~~~~~^~~~
/usr/include/qt6/QtCore/qlist.h:307:5: note: candidate 6: ‘QList<T>::QList(qsizetype, parameter_type) [with T = QString; qsizetype = long long int; parameter_type = const QString&]’
  307 |     QList(qsizetype size, parameter_type t)
      |     ^~~~~
/usr/include/qt6/QtCore/qlist.h:307:5: note: candidate expects 2 arguments, 1 provided
/usr/include/qt6/QtCore/qlist.h:300:15: note: candidate 7: ‘constexpr QList<T>::QList() [with T = QString]’
  300 |     constexpr QList() noexcept = default;
      |               ^~~~~
/usr/include/qt6/QtCore/qlist.h:300:15: note: candidate expects 0 arguments, 1 provided
/usr/include/qt6/QtCore/qlist.h:294:5: note: candidate 8: ‘QList<T>::QList(DataPointer) [with T = QString; DataPointer = QArrayDataPointer<QString>]’
  294 |     QList(DataPointer dd) noexcept
      |     ^~~~~
/usr/include/qt6/QtCore/qlist.h:294:23: note: no known conversion for argument 1 from ‘const char* const’ to ‘QList<QString>::DataPointer’ {aka ‘QArrayDataPointer<QString>’}
  294 |     QList(DataPointer dd) noexcept
      |           ~~~~~~~~~~~~^~
/usr/include/qt6/QtCore/qlist.h:76:7: note: candidate 9: ‘QList<QString>::QList(const QList<QString>&)’
   76 | class QList
      |       ^~~~~
/usr/include/qt6/QtCore/qlist.h:76:7: note: no known conversion for argument 1 from ‘const char* const’ to ‘const QList<QString>&’
/usr/include/qt6/QtCore/qlist.h:76:7: note: candidate 10: ‘QList<QString>::QList(QList<QString>&&)’
/usr/include/qt6/QtCore/qlist.h:76:7: note: no known conversion for argument 1 from ‘const char* const’ to ‘QList<QString>&&’
[ 21%] Built target latte_packagestructure_indicator
/home/sam/Documents/dev/latte-dock/containment/plugin/layoutmanager.cpp: In lambda function:
/home/sam/Documents/dev/latte-dock/containment/plugin/layoutmanager.cpp:41:9: error: ‘emit’ was not declared in this scope; did you mean ‘exit’?
   41 |         emit hasRestoredAppletsChanged();
      |         ^~~~
      |         exit
/home/sam/Documents/dev/latte-dock/containment/plugin/layoutmanager.cpp: In member function ‘void Latte::Containment::LayoutManager::setSplitterPosition(const int&)’:
/home/sam/Documents/dev/latte-dock/containment/plugin/layoutmanager.cpp:62:5: error: ‘emit’ was not declared in this scope; did you mean ‘exit’?
   62 |     emit splitterPositionChanged();
      |     ^~~~
      |     exit
/home/sam/Documents/dev/latte-dock/containment/plugin/layoutmanager.cpp: In member function ‘void Latte::Containment::LayoutManager::setSplitterPosition2(const int&)’:
/home/sam/Documents/dev/latte-dock/containment/plugin/layoutmanager.cpp:77:5: error: ‘emit’ was not declared in this scope; did you mean ‘exit’?
   77 |     emit splitterPosition2Changed();
      |     ^~~~
      |     exit
/home/sam/Documents/dev/latte-dock/containment/plugin/layoutmanager.cpp: In member function ‘void Latte::Containment::LayoutManager::setAppletOrder(const QList<int>&)’:
/home/sam/Documents/dev/latte-dock/containment/plugin/layoutmanager.cpp:92:5: error: ‘emit’ was not declared in this scope; did you mean ‘exit’?
   92 |     emit appletOrderChanged();
      |     ^~~~
      |     exit
/home/sam/Documents/dev/latte-dock/containment/plugin/layoutmanager.cpp: In member function ‘void Latte::Containment::LayoutManager::setLockedZoomApplets(const QList<int>&)’:
/home/sam/Documents/dev/latte-dock/containment/plugin/layoutmanager.cpp:107:5: error: ‘emit’ was not declared in this scope; did you mean ‘exit’?
  107 |     emit lockedZoomAppletsChanged();
      |     ^~~~
      |     exit
/home/sam/Documents/dev/latte-dock/containment/plugin/layoutmanager.cpp: In member function ‘void Latte::Containment::LayoutManager::setOrder(const QList<int>&)’:
/home/sam/Documents/dev/latte-dock/containment/plugin/layoutmanager.cpp:122:5: error: ‘emit’ was not declared in this scope; did you mean ‘exit’?
  122 |     emit orderChanged();
      |     ^~~~
      |     exit
/home/sam/Documents/dev/latte-dock/containment/plugin/layoutmanager.cpp: In member function ‘void Latte::Containment::LayoutManager::setUserBlocksColorizingApplets(const QList<int>&)’:
/home/sam/Documents/dev/latte-dock/containment/plugin/layoutmanager.cpp:137:5: error: ‘emit’ was not declared in this scope; did you mean ‘exit’?
  137 |     emit userBlocksColorizingAppletsChanged();
      |     ^~~~
      |     exit
/home/sam/Documents/dev/latte-dock/containment/plugin/layoutmanager.cpp: In member function ‘void Latte::Containment::LayoutManager::setAppletInScheduledDestruction(const int&, const bool&)’:
/home/sam/Documents/dev/latte-dock/containment/plugin/layoutmanager.cpp:149:9: error: ‘emit’ was not declared in this scope; did you mean ‘exit’?
  149 |         emit appletsInScheduledDestructionChanged();
      |         ^~~~
      |         exit
/home/sam/Documents/dev/latte-dock/containment/plugin/layoutmanager.cpp:152:9: error: ‘emit’ was not declared in this scope; did you mean ‘exit’?
  152 |         emit appletsInScheduledDestructionChanged();
      |         ^~~~
      |         exit
/home/sam/Documents/dev/latte-dock/containment/plugin/layoutmanager.cpp: In member function ‘void Latte::Containment::LayoutManager::setPlasmoid(QObject*)’:
/home/sam/Documents/dev/latte-dock/containment/plugin/layoutmanager.cpp:174:5: error: ‘emit’ was not declared in this scope; did you mean ‘exit’?
  174 |     emit plasmoidChanged();
      |     ^~~~
      |     exit
/home/sam/Documents/dev/latte-dock/containment/plugin/layoutmanager.cpp: In member function ‘void Latte::Containment::LayoutManager::setRootItem(QQuickItem*)’:
/home/sam/Documents/dev/latte-dock/containment/plugin/layoutmanager.cpp:189:5: error: ‘emit’ was not declared in this scope; did you mean ‘exit’?
  189 |     emit rootItemChanged();
      |     ^~~~
      |     exit
/home/sam/Documents/dev/latte-dock/containment/plugin/layoutmanager.cpp: In member function ‘void Latte::Containment::LayoutManager::setDndSpacer(QQuickItem*)’:
/home/sam/Documents/dev/latte-dock/containment/plugin/layoutmanager.cpp:204:5: error: ‘emit’ was not declared in this scope; did you mean ‘exit’?
  204 |     emit dndSpacerChanged();
      |     ^~~~
      |     exit
/home/sam/Documents/dev/latte-dock/containment/plugin/layoutmanager.cpp: In member function ‘void Latte::Containment::LayoutManager::setMainLayout(QQuickItem*)’:
/home/sam/Documents/dev/latte-dock/containment/plugin/layoutmanager.cpp:219:5: error: ‘emit’ was not declared in this scope; did you mean ‘exit’?
  219 |     emit mainLayoutChanged();
      |     ^~~~
      |     exit
/home/sam/Documents/dev/latte-dock/containment/plugin/layoutmanager.cpp: In member function ‘void Latte::Containment::LayoutManager::setStartLayout(QQuickItem*)’:
/home/sam/Documents/dev/latte-dock/containment/plugin/layoutmanager.cpp:234:5: error: ‘emit’ was not declared in this scope; did you mean ‘exit’?
  234 |     emit startLayoutChanged();
      |     ^~~~
      |     exit
/home/sam/Documents/dev/latte-dock/containment/plugin/layoutmanager.cpp: In member function ‘void Latte::Containment::LayoutManager::setEndLayout(QQuickItem*)’:
/home/sam/Documents/dev/latte-dock/containment/plugin/layoutmanager.cpp:249:5: error: ‘emit’ was not declared in this scope; did you mean ‘exit’?
  249 |     emit endLayoutChanged();
      |     ^~~~
      |     exit
/home/sam/Documents/dev/latte-dock/containment/plugin/layoutmanager.cpp: In member function ‘void Latte::Containment::LayoutManager::setMetrics(QQuickItem*)’:
/home/sam/Documents/dev/latte-dock/containment/plugin/layoutmanager.cpp:264:5: error: ‘emit’ was not declared in this scope; did you mean ‘exit’?
  264 |     emit metricsChanged();
      |     ^~~~
      |     exit
In file included from /usr/include/qt6/QtCore/qstringview.h:13,
                 from /usr/include/qt6/QtCore/qchar.h:723,
                 from /usr/include/qt6/QtCore/qstring.h:15,
                 from /usr/include/qt6/QtCore/qhashfunctions.h:9,
                 from /usr/include/qt6/QtCore/qhash.h:10,
                 from /usr/include/qt6/QtCore/QHash:1,
                 from /home/sam/Documents/dev/latte-dock/containment/plugin/layoutmanager.h:10,
                 from /home/sam/Documents/dev/latte-dock/containment/plugin/layoutmanager.cpp:6:
/home/sam/Documents/dev/latte-dock/containment/plugin/layoutmanager.cpp: In member function ‘void Latte::Containment::LayoutManager::restore()’:
/home/sam/Documents/dev/latte-dock/containment/plugin/layoutmanager.cpp:320:77: error: expression cannot be used as a function
  320 |     QList<int> appletIdsOrder = toIntList((*m_configuration)[QStringLiteral(QStringLiteral("appletOrder"))].toString());
      |                                                                             ^
/home/sam/Documents/dev/latte-dock/containment/plugin/layoutmanager.cpp:324:62: error: expression cannot be used as a function
  324 |     int splitterPosition = (*m_configuration)[QStringLiteral(QStringLiteral("splitterPosition"))].toInt();
      |                                                              ^
/home/sam/Documents/dev/latte-dock/containment/plugin/layoutmanager.cpp:325:63: error: expression cannot be used as a function
  325 |     int splitterPosition2 = (*m_configuration)[QStringLiteral(QStringLiteral("splitterPosition2"))].toInt();
      |                                                               ^
/home/sam/Documents/dev/latte-dock/containment/plugin/layoutmanager.cpp: In member function ‘void Latte::Containment::LayoutManager::restoreOption(const char*)’:
/home/sam/Documents/dev/latte-dock/containment/plugin/layoutmanager.cpp:468:64: error: use of deleted function ‘QString::QString(const char*)’
  468 |     QList<int> applets = toIntList((*m_configuration)[m_option[option]].toString());
      |                                                                ^~~~~~
/usr/include/qt6/QtCore/qstring.h:1104:5: note: declared here
 1104 |     QString(const char *ch) QSTRING_DECL_DELETED_ASCII_OP;
      |     ^~~~~~~
/home/sam/Documents/dev/latte-dock/containment/plugin/layoutmanager.cpp:468:64: note: use ‘-fdiagnostics-all-candidates’ to display considered candidates
  468 |     QList<int> applets = toIntList((*m_configuration)[m_option[option]].toString());
      |                                                                ^~~~~~
/home/sam/Documents/dev/latte-dock/containment/plugin/layoutmanager.cpp: In member function ‘void Latte::Containment::LayoutManager::save()’:
/home/sam/Documents/dev/latte-dock/containment/plugin/layoutmanager.cpp:555:66: error: expression cannot be used as a function
  555 |         int splitterPosition = (*m_configuration)[QStringLiteral(QStringLiteral("splitterPosition"))].toInt();
      |                                                                  ^
/home/sam/Documents/dev/latte-dock/containment/plugin/layoutmanager.cpp:556:67: error: expression cannot be used as a function
  556 |         int splitterPosition2 = (*m_configuration)[QStringLiteral(QStringLiteral("splitterPosition2"))].toInt();
      |                                                                   ^
/home/sam/Documents/dev/latte-dock/containment/plugin/layoutmanager.cpp:575:43: error: expression cannot be used as a function
  575 |     if ((*m_configuration)[QStringLiteral(QStringLiteral("appletOrder"))] != appletsserialized) {
      |                                           ^
/home/sam/Documents/dev/latte-dock/containment/plugin/layoutmanager.cpp:577:9: error: ‘emit’ was not declared in this scope; did you mean ‘exit’?
  577 |         emit m_configuration->valueChanged(QStringLiteral("appletOrder"), appletsserialized);
      |         ^~~~
      |         exit
/home/sam/Documents/dev/latte-dock/app/data/layoutdata.cpp: In member function ‘bool Latte::Data::Layout::isOnAllActivities() const’:
/home/sam/Documents/dev/latte-dock/app/data/layoutdata.cpp:148:60: error: use of deleted function ‘QString::QString(const char*)’
  148 |     return ((activities.count() == 1) && (activities[0] == ALLACTIVITIESID));
      |                                                            ^~~~~~~~~~~~~~~
/usr/include/qt6/QtCore/qstring.h:1104:5: note: declared here
 1104 |     QString(const char *ch) QSTRING_DECL_DELETED_ASCII_OP;
      |     ^~~~~~~
/home/sam/Documents/dev/latte-dock/app/data/layoutdata.cpp:148:60: note: use ‘-fdiagnostics-all-candidates’ to display considered candidates
  148 |     return ((activities.count() == 1) && (activities[0] == ALLACTIVITIESID));
      |                                                            ^~~~~~~~~~~~~~~
/home/sam/Documents/dev/latte-dock/app/data/layoutdata.cpp: In member function ‘bool Latte::Data::Layout::isForFreeActivities() const’:
/home/sam/Documents/dev/latte-dock/app/data/layoutdata.cpp:153:60: error: use of deleted function ‘QString::QString(const char*)’
  153 |     return ((activities.count() == 1) && (activities[0] == FREEACTIVITIESID));
      |                                                            ^~~~~~~~~~~~~~~~
/usr/include/qt6/QtCore/qstring.h:1104:5: note: declared here
 1104 |     QString(const char *ch) QSTRING_DECL_DELETED_ASCII_OP;
      |     ^~~~~~~
/home/sam/Documents/dev/latte-dock/app/data/layoutdata.cpp:153:60: note: use ‘-fdiagnostics-all-candidates’ to display considered candidates
  153 |     return ((activities.count() == 1) && (activities[0] == FREEACTIVITIESID));
      |                                                            ^~~~~~~~~~~~~~~~
/home/sam/Documents/dev/latte-dock/app/data/layoutdata.cpp: In member function ‘bool Latte::Data::Layout::isTemporary() const’:
/home/sam/Documents/dev/latte-dock/app/data/layoutdata.cpp:158:26: error: use of deleted function ‘QString::QString(const char*)’
  158 |     return id.startsWith("/tmp");
      |                          ^~~~~~
/usr/include/qt6/QtCore/qstring.h:1104:5: note: declared here
 1104 |     QString(const char *ch) QSTRING_DECL_DELETED_ASCII_OP;
      |     ^~~~~~~
/home/sam/Documents/dev/latte-dock/app/data/layoutdata.cpp:158:26: note: use ‘-fdiagnostics-all-candidates’ to display considered candidates
  158 |     return id.startsWith("/tmp");
      |                          ^~~~~~
/home/sam/Documents/dev/latte-dock/containment/plugin/layoutmanager.cpp: In member function ‘void Latte::Containment::LayoutManager::saveOptions()’:
/home/sam/Documents/dev/latte-dock/containment/plugin/layoutmanager.cpp:586:9: error: ‘emit’ was not declared in this scope; did you mean ‘exit’?
  586 |         emit m_configuration->valueChanged(m_option[QStringLiteral(ISAPPLETLOCKEDOPTION)], lockedserialized);
      |         ^~~~
      |         exit
/home/sam/Documents/dev/latte-dock/containment/plugin/layoutmanager.cpp:592:9: error: ‘emit’ was not declared in this scope; did you mean ‘exit’?
  592 |         emit m_configuration->valueChanged(m_option[QStringLiteral(ISCOLORINGBLOCKEDOPTION)], colorsserialized);
      |         ^~~~
      |         exit
/home/sam/Documents/dev/latte-dock/containment/plugin/layoutmanager.cpp:595:43: error: expression cannot be used as a function
  595 |     if ((*m_configuration)[QStringLiteral(QStringLiteral("splitterPosition"))] != m_splitterPosition) {
      |                                           ^
make[2]: *** [app/CMakeFiles/latte-dock.dir/build.make:391: app/CMakeFiles/latte-dock.dir/data/layoutstable.cpp.o] Error 1
/home/sam/Documents/dev/latte-dock/containment/plugin/layoutmanager.cpp:597:9: error: ‘emit’ was not declared in this scope; did you mean ‘exit’?
  597 |         emit m_configuration->valueChanged(m_option[QStringLiteral(QStringLiteral("splitterPosition"))], m_splitterPosition);
      |         ^~~~
      |         exit
/home/sam/Documents/dev/latte-dock/containment/plugin/layoutmanager.cpp:600:43: error: expression cannot be used as a function
  600 |     if ((*m_configuration)[QStringLiteral(QStringLiteral("splitterPosition2"))] != m_splitterPosition2) {
      |                                           ^
/home/sam/Documents/dev/latte-dock/containment/plugin/layoutmanager.cpp:602:9: error: ‘emit’ was not declared in this scope; did you mean ‘exit’?
  602 |         emit m_configuration->valueChanged(m_option[QStringLiteral(QStringLiteral("splitterPosition2"))], m_splitterPosition2);
      |         ^~~~
      |         exit
/home/sam/Documents/dev/latte-dock/containment/plugin/layoutmanager.cpp: In member function ‘void Latte::Containment::LayoutManager::setOption(const int&, const QString&, const QVariant&)’:
/home/sam/Documents/dev/latte-dock/containment/plugin/layoutmanager.cpp:21:30: error: use of deleted function ‘QString::QString(const char*)’
   21 | #define ISAPPLETLOCKEDOPTION "lockZoom"
      |                              ^~~~~~~~~~
/home/sam/Documents/dev/latte-dock/containment/plugin/layoutmanager.cpp:608:21: note: in expansion of macro ‘ISAPPLETLOCKEDOPTION’
  608 |     if (property == ISAPPLETLOCKEDOPTION) {
      |                     ^~~~~~~~~~~~~~~~~~~~
/usr/include/qt6/QtCore/qstring.h:1104:5: note: declared here
 1104 |     QString(const char *ch) QSTRING_DECL_DELETED_ASCII_OP;
      |     ^~~~~~~
/home/sam/Documents/dev/latte-dock/containment/plugin/layoutmanager.cpp:21:30: note: use ‘-fdiagnostics-all-candidates’ to display considered candidates
   21 | #define ISAPPLETLOCKEDOPTION "lockZoom"
      |                              ^~~~~~~~~~
/home/sam/Documents/dev/latte-dock/containment/plugin/layoutmanager.cpp:608:21: note: in expansion of macro ‘ISAPPLETLOCKEDOPTION’
  608 |     if (property == ISAPPLETLOCKEDOPTION) {
      |                     ^~~~~~~~~~~~~~~~~~~~
/home/sam/Documents/dev/latte-dock/app/screenpool.cpp: In member function ‘void Latte::ScreenPool::onPrimaryOutputNameChanged(const QString&, const QString&)’:
/home/sam/Documents/dev/latte-dock/app/screenpool.cpp:103:5: error: ‘emit’ was not declared in this scope; did you mean ‘exit’?
  103 |     emit primaryScreenChanged(m_primaryWatcher->primaryScreen());
      |     ^~~~
      |     exit
/home/sam/Documents/dev/latte-dock/containment/plugin/layoutmanager.cpp:22:33: error: use of deleted function ‘QString::QString(const char*)’
   22 | #define ISCOLORINGBLOCKEDOPTION "userBlocksColorizing"
      |                                 ^~~~~~~~~~~~~~~~~~~~~~
/home/sam/Documents/dev/latte-dock/containment/plugin/layoutmanager.cpp:618:28: note: in expansion of macro ‘ISCOLORINGBLOCKEDOPTION’
  618 |     } else if (property == ISCOLORINGBLOCKEDOPTION) {
      |                            ^~~~~~~~~~~~~~~~~~~~~~~
/usr/include/qt6/QtCore/qstring.h:1104:5: note: declared here
 1104 |     QString(const char *ch) QSTRING_DECL_DELETED_ASCII_OP;
      |     ^~~~~~~
/home/sam/Documents/dev/latte-dock/containment/plugin/layoutmanager.cpp:22:33: note: use ‘-fdiagnostics-all-candidates’ to display considered candidates
   22 | #define ISCOLORINGBLOCKEDOPTION "userBlocksColorizing"
      |                                 ^~~~~~~~~~~~~~~~~~~~~~
/home/sam/Documents/dev/latte-dock/containment/plugin/layoutmanager.cpp:618:28: note: in expansion of macro ‘ISCOLORINGBLOCKEDOPTION’
  618 |     } else if (property == ISCOLORINGBLOCKEDOPTION) {
      |                            ^~~~~~~~~~~~~~~~~~~~~~~
/home/sam/Documents/dev/latte-dock/app/screenpool.cpp: In member function ‘void Latte::ScreenPool::updateScreenGeometry(const int&, const QRect&)’:
/home/sam/Documents/dev/latte-dock/app/screenpool.cpp:140:5: error: ‘emit’ was not declared in this scope; did you mean ‘exit’?
  140 |     emit screenGeometryChanged();
      |     ^~~~
      |     exit
make[2]: *** [declarativeimports/core/CMakeFiles/lattecoreplugin.dir/build.make:113: declarativeimports/core/CMakeFiles/lattecoreplugin.dir/dialog.cpp.o] Error 1
make[1]: *** [CMakeFiles/Makefile2:1219: declarativeimports/core/CMakeFiles/lattecoreplugin.dir/all] Error 2
make[1]: *** Waiting for unfinished jobs....
/home/sam/Documents/dev/latte-dock/containment/plugin/layoutmanager.cpp: In member function ‘void Latte::Containment::LayoutManager::addJustifySplittersInMainLayout()’:
/home/sam/Documents/dev/latte-dock/containment/plugin/layoutmanager.cpp:1342:62: error: expression cannot be used as a function
 1342 |     int splitterPosition = (*m_configuration)[QStringLiteral(QStringLiteral("splitterPosition"))].toInt();
      |                                                              ^
/home/sam/Documents/dev/latte-dock/containment/plugin/layoutmanager.cpp:1343:63: error: expression cannot be used as a function
 1343 |     int splitterPosition2 = (*m_configuration)[QStringLiteral(QStringLiteral("splitterPosition2"))].toInt();
      |                                                               ^
In file included from /home/sam/Documents/dev/latte-dock/app/data/generictable.cpp:11:
/home/sam/Documents/dev/latte-dock/app/data/layoutdata.h:40:41: error: use of deleted function ‘QString::QString(const char*)’
   40 |     QString schemeFile{DEFAULTSCHEMEFILE};
      |                                         ^
In file included from /usr/include/qt6/QtCore/QString:1,
                 from /home/sam/Documents/dev/latte-dock/app/data/genericdata.h:13,
                 from /home/sam/Documents/dev/latte-dock/app/data/generictable.h:10,
                 from /home/sam/Documents/dev/latte-dock/app/data/generictable.cpp:7:
/usr/include/qt6/QtCore/qstring.h:1104:5: note: declared here
 1104 |     QString(const char *ch) QSTRING_DECL_DELETED_ASCII_OP;
      |     ^~~~~~~
/home/sam/Documents/dev/latte-dock/app/data/layoutdata.h:40:41: note: use ‘-fdiagnostics-all-candidates’ to display considered candidates
   40 |     QString schemeFile{DEFAULTSCHEMEFILE};
      |                                         ^
/home/sam/Documents/dev/latte-dock/app/screenpool.cpp: In member function ‘void Latte::ScreenPool::insertScreenMapping(const QString&)’:
/home/sam/Documents/dev/latte-dock/app/screenpool.cpp:216:72: error: use of deleted function ‘QString::QString(const char*)’
  216 |     if (m_screensTable.containsName(connector) || connector.startsWith(":")) {
      |                                                                        ^~~
In file included from /usr/include/qt6/QtCore/qhashfunctions.h:9,
                 from /usr/include/qt6/QtCore/qlist.h:11,
                 from /usr/include/qt6/QtCore/QList:1,
                 from /home/sam/Documents/dev/latte-dock/app/data/generictable.h:13,
                 from /home/sam/Documents/dev/latte-dock/app/data/genericdata.h:10,
                 from /home/sam/Documents/dev/latte-dock/app/data/screendata.h:10,
                 from /home/sam/Documents/dev/latte-dock/app/screenpool.h:11,
                 from /home/sam/Documents/dev/latte-dock/app/screenpool.cpp:7:
/usr/include/qt6/QtCore/qstring.h:1104:5: note: declared here
 1104 |     QString(const char *ch) QSTRING_DECL_DELETED_ASCII_OP;
      |     ^~~~~~~
/home/sam/Documents/dev/latte-dock/app/screenpool.cpp:216:72: note: use ‘-fdiagnostics-all-candidates’ to display considered candidates
  216 |     if (m_screensTable.containsName(connector) || connector.startsWith(":")) {
      |                                                                        ^~~
/home/sam/Documents/dev/latte-dock/containment/plugin/layoutmanager.cpp: In member function ‘QList<int> Latte::Containment::LayoutManager::toIntList(const QString&)’:
/home/sam/Documents/dev/latte-dock/containment/plugin/layoutmanager.cpp:1534:42: error: use of deleted function ‘QString::QString(const char*)’
 1534 |     QStringList items = serialized.split(";");
      |                                          ^~~
/usr/include/qt6/QtCore/qstring.h:1104:5: note: declared here
 1104 |     QString(const char *ch) QSTRING_DECL_DELETED_ASCII_OP;
      |     ^~~~~~~
/home/sam/Documents/dev/latte-dock/containment/plugin/layoutmanager.cpp:1534:42: note: use ‘-fdiagnostics-all-candidates’ to display considered candidates
 1534 |     QStringList items = serialized.split(";");
      |                                          ^~~
/home/sam/Documents/dev/latte-dock/containment/plugin/layoutmanager.cpp: In member function ‘QString Latte::Containment::LayoutManager::toStr(const QList<int>&)’:
/home/sam/Documents/dev/latte-dock/containment/plugin/layoutmanager.cpp:1553:25: error: use of deleted function ‘QString::QString(const char*)’
 1553 |     return strlist.join(";");
      |                         ^~~
/usr/include/qt6/QtCore/qstring.h:1104:5: note: declared here
 1104 |     QString(const char *ch) QSTRING_DECL_DELETED_ASCII_OP;
      |     ^~~~~~~
/home/sam/Documents/dev/latte-dock/containment/plugin/layoutmanager.cpp:1553:25: note: use ‘-fdiagnostics-all-candidates’ to display considered candidates
 1553 |     return strlist.join(";");
      |                         ^~~
/home/sam/Documents/dev/latte-dock/app/data/generictable.cpp: In instantiation of ‘Latte::Data::GenericTable<T>::operator QString() const [with T = Latte::Data::Activity]’:
/home/sam/Documents/dev/latte-dock/app/data/generictable.cpp:326:16:   required from here
  326 | template class GenericTable<Data::Activity>;
      |                ^~~~~~~~~~~~~~~~~~~~~~~~~~~~
/home/sam/Documents/dev/latte-dock/app/data/generictable.cpp:170:20: error: use of deleted function ‘QString& QString::operator+=(const char*)’
  170 |             result += ", ";
      |             ~~~~~~~^~~~~~~
/usr/include/qt6/QtCore/qstring.h:1102:14: note: declared here
 1102 |     QString &operator+=(const char *s) QSTRING_DECL_DELETED_ASCII_OP;
      |              ^~~~~~~~
/home/sam/Documents/dev/latte-dock/app/data/generictable.cpp:170:20: error: use of deleted function ‘QString& QString::operator+=(const char*)’
  170 |             result += ", ";
      |             ~~~~~~~^~~~~~~
/usr/include/qt6/QtCore/qstring.h:1102:14: note: declared here
 1102 |     QString &operator+=(const char *s) QSTRING_DECL_DELETED_ASCII_OP;
      |              ^~~~~~~~
/home/sam/Documents/dev/latte-dock/app/data/generictable.cpp: In instantiation of ‘Latte::Data::GenericTable<T>::operator QString() const [with T = Latte::Data::Applet]’:
/home/sam/Documents/dev/latte-dock/app/data/generictable.cpp:327:16:   required from here
  327 | template class GenericTable<Data::Applet>;
      |                ^~~~~~~~~~~~~~~~~~~~~~~~~~
/home/sam/Documents/dev/latte-dock/app/data/generictable.cpp:170:20: error: use of deleted function ‘QString& QString::operator+=(const char*)’
  170 |             result += ", ";
      |             ~~~~~~~^~~~~~~
/usr/include/qt6/QtCore/qstring.h:1102:14: note: declared here
 1102 |     QString &operator+=(const char *s) QSTRING_DECL_DELETED_ASCII_OP;
      |              ^~~~~~~~
/home/sam/Documents/dev/latte-dock/app/data/generictable.cpp:170:20: error: use of deleted function ‘QString& QString::operator+=(const char*)’
  170 |             result += ", ";
      |             ~~~~~~~^~~~~~~
/usr/include/qt6/QtCore/qstring.h:1102:14: note: declared here
 1102 |     QString &operator+=(const char *s) QSTRING_DECL_DELETED_ASCII_OP;
      |              ^~~~~~~~
/home/sam/Documents/dev/latte-dock/app/data/generictable.cpp: In instantiation of ‘Latte::Data::GenericTable<T>::operator QString() const [with T = Latte::Data::ErrorInformation]’:
/home/sam/Documents/dev/latte-dock/app/data/generictable.cpp:328:16:   required from here
  328 | template class GenericTable<Data::ErrorInformation>;
      |                ^~~~~~~~~~~~~~~~~~~~~~~~~~~~~~~~~~~~
/home/sam/Documents/dev/latte-dock/app/data/generictable.cpp:170:20: error: use of deleted function ‘QString& QString::operator+=(const char*)’
  170 |             result += ", ";
      |             ~~~~~~~^~~~~~~
/usr/include/qt6/QtCore/qstring.h:1102:14: note: declared here
 1102 |     QString &operator+=(const char *s) QSTRING_DECL_DELETED_ASCII_OP;
      |              ^~~~~~~~
/home/sam/Documents/dev/latte-dock/app/data/generictable.cpp:170:20: error: use of deleted function ‘QString& QString::operator+=(const char*)’
  170 |             result += ", ";
      |             ~~~~~~~^~~~~~~
/usr/include/qt6/QtCore/qstring.h:1102:14: note: declared here
 1102 |     QString &operator+=(const char *s) QSTRING_DECL_DELETED_ASCII_OP;
      |              ^~~~~~~~
/home/sam/Documents/dev/latte-dock/app/data/generictable.cpp: In instantiation of ‘Latte::Data::GenericTable<T>::operator QString() const [with T = Latte::Data::Generic]’:
/home/sam/Documents/dev/latte-dock/app/data/generictable.cpp:329:16:   required from here
  329 | template class GenericTable<Data::Generic>;
      |                ^~~~~~~~~~~~~~~~~~~~~~~~~~~
/home/sam/Documents/dev/latte-dock/app/data/generictable.cpp:170:20: error: use of deleted function ‘QString& QString::operator+=(const char*)’
  170 |             result += ", ";
      |             ~~~~~~~^~~~~~~
/usr/include/qt6/QtCore/qstring.h:1102:14: note: declared here
 1102 |     QString &operator+=(const char *s) QSTRING_DECL_DELETED_ASCII_OP;
      |              ^~~~~~~~
/home/sam/Documents/dev/latte-dock/app/data/generictable.cpp:170:20: error: use of deleted function ‘QString& QString::operator+=(const char*)’
  170 |             result += ", ";
      |             ~~~~~~~^~~~~~~
/usr/include/qt6/QtCore/qstring.h:1102:14: note: declared here
 1102 |     QString &operator+=(const char *s) QSTRING_DECL_DELETED_ASCII_OP;
      |              ^~~~~~~~
/home/sam/Documents/dev/latte-dock/app/data/generictable.cpp: In instantiation of ‘Latte::Data::GenericTable<T>::operator QString() const [with T = Latte::Data::Layout]’:
/home/sam/Documents/dev/latte-dock/app/data/generictable.cpp:330:16:   required from here
  330 | template class GenericTable<Data::Layout>;
      |                ^~~~~~~~~~~~~~~~~~~~~~~~~~
/home/sam/Documents/dev/latte-dock/app/data/generictable.cpp:170:20: error: use of deleted function ‘QString& QString::operator+=(const char*)’
  170 |             result += ", ";
      |             ~~~~~~~^~~~~~~
/usr/include/qt6/QtCore/qstring.h:1102:14: note: declared here
 1102 |     QString &operator+=(const char *s) QSTRING_DECL_DELETED_ASCII_OP;
      |              ^~~~~~~~
/home/sam/Documents/dev/latte-dock/app/data/generictable.cpp:170:20: error: use of deleted function ‘QString& QString::operator+=(const char*)’
  170 |             result += ", ";
      |             ~~~~~~~^~~~~~~
/usr/include/qt6/QtCore/qstring.h:1102:14: note: declared here
 1102 |     QString &operator+=(const char *s) QSTRING_DECL_DELETED_ASCII_OP;
      |              ^~~~~~~~
/home/sam/Documents/dev/latte-dock/app/data/generictable.cpp: In instantiation of ‘Latte::Data::GenericTable<T>::operator QString() const [with T = Latte::Data::Screen]’:
/home/sam/Documents/dev/latte-dock/app/data/generictable.cpp:331:16:   required from here
  331 | template class GenericTable<Data::Screen>;
      |                ^~~~~~~~~~~~~~~~~~~~~~~~~~
/home/sam/Documents/dev/latte-dock/app/data/generictable.cpp:170:20: error: use of deleted function ‘QString& QString::operator+=(const char*)’
  170 |             result += ", ";
      |             ~~~~~~~^~~~~~~
/usr/include/qt6/QtCore/qstring.h:1102:14: note: declared here
 1102 |     QString &operator+=(const char *s) QSTRING_DECL_DELETED_ASCII_OP;
      |              ^~~~~~~~
/home/sam/Documents/dev/latte-dock/app/data/generictable.cpp:170:20: error: use of deleted function ‘QString& QString::operator+=(const char*)’
  170 |             result += ", ";
      |             ~~~~~~~^~~~~~~
/usr/include/qt6/QtCore/qstring.h:1102:14: note: declared here
 1102 |     QString &operator+=(const char *s) QSTRING_DECL_DELETED_ASCII_OP;
      |              ^~~~~~~~
/home/sam/Documents/dev/latte-dock/app/data/generictable.cpp: In instantiation of ‘Latte::Data::GenericTable<T>::operator QString() const [with T = Latte::Data::View]’:
/home/sam/Documents/dev/latte-dock/app/data/generictable.cpp:332:16:   required from here
  332 | template class GenericTable<Data::View>;
      |                ^~~~~~~~~~~~~~~~~~~~~~~~
/home/sam/Documents/dev/latte-dock/app/data/generictable.cpp:170:20: error: use of deleted function ‘QString& QString::operator+=(const char*)’
  170 |             result += ", ";
      |             ~~~~~~~^~~~~~~
/usr/include/qt6/QtCore/qstring.h:1102:14: note: declared here
 1102 |     QString &operator+=(const char *s) QSTRING_DECL_DELETED_ASCII_OP;
      |              ^~~~~~~~
/home/sam/Documents/dev/latte-dock/app/data/generictable.cpp:170:20: error: use of deleted function ‘QString& QString::operator+=(const char*)’
  170 |             result += ", ";
      |             ~~~~~~~^~~~~~~
/usr/include/qt6/QtCore/qstring.h:1102:14: note: declared here
 1102 |     QString &operator+=(const char *s) QSTRING_DECL_DELETED_ASCII_OP;
      |              ^~~~~~~~
In file included from /usr/include/qt6/QtCore/qstring.h:1770:
/usr/include/qt6/QtCore/qstringbuilder.h: In instantiation of ‘static void QConcatenable<QStringBuilder< <template-parameter-1-1>, <template-parameter-1-2> > >::appendTo(const type&, T*&) [with T = QChar; A = QString&; B = const char (&)[13]; type = QStringBuilder<QString&, const char (&)[13]>]’:
/usr/include/qt6/QtCore/qstringbuilder.h:113:31:   required from ‘T QStringBuilder< <template-parameter-1-1>, <template-parameter-1-2> >::convertTo() const [with T = QString; A = QString&; B = const char (&)[13]]’
  113 |         Concatenable::appendTo(*this, d);
      |         ~~~~~~~~~~~~~~~~~~~~~~^~~~~~~~~~
/usr/include/qt6/QtCore/qstringbuilder.h:130:61:   required from ‘QStringBuilder< <template-parameter-1-1>, <template-parameter-1-2> >::operator ConvertTo() const [with A = QString&; B = const char (&)[13]; ConvertTo = QString]’
  130 |     operator ConvertTo() const { return convertTo<ConvertTo>(); }
      |                                         ~~~~~~~~~~~~~~~~~~~~^~
/home/sam/Documents/dev/latte-dock/app/screenpool.cpp:151:31:   required from here
  151 |     QFile rcfile(QString(path + "/lattedockrc"));
      |                          ~~~~~^~~~~~~~~~~~~~~~
/usr/include/qt6/QtCore/qstringbuilder.h:400:37: error: cannot convert ‘QChar*’ to ‘char*&’
  400 |         QConcatenableEx<B>::appendTo(p.b, out);
      |         ~~~~~~~~~~~~~~~~~~~~~~~~~~~~^~~~~~~~~~
/usr/include/qt6/QtCore/qstringbuilder.h:288:57: note: initializing argument 2 of ‘static void QConcatenable<const char [N]>::appendTo(const char*, char*&) [with long long int N = 13]’
  288 |     static inline void appendTo(const char a[N], char *&out)
      |                                                  ~~~~~~~^~~
make[2]: *** [app/CMakeFiles/latte-dock.dir/build.make:349: app/CMakeFiles/latte-dock.dir/data/layoutdata.cpp.o] Error 1
make[2]: *** [app/CMakeFiles/latte-dock.dir/build.make:209: app/CMakeFiles/latte-dock.dir/screenpool.cpp.o] Error 1
make[2]: *** [containment/CMakeFiles/lattecontainmentplugin.dir/build.make:113: containment/CMakeFiles/lattecontainmentplugin.dir/plugin/layoutmanager.cpp.o] Error 1
make[1]: *** [CMakeFiles/Makefile2:1639: containment/CMakeFiles/lattecontainmentplugin.dir/all] Error 2
make[2]: *** [app/CMakeFiles/latte-dock.dir/build.make:335: app/CMakeFiles/latte-dock.dir/data/generictable.cpp.o] Error 1
make[1]: *** [CMakeFiles/Makefile2:1316: app/CMakeFiles/latte-dock.dir/all] Error 2
In file included from /usr/include/qt6/QtCore/qglobal.h:33,
                 from /usr/include/qt6/QtCore/qnamespace.h:12,
                 from /usr/include/qt6/QtCore/qobjectdefs.h:12,
                 from /usr/include/qt6/QtCore/qobject.h:10,
                 from /usr/include/qt6/QtCore/qplugin.h:12,
                 from /usr/include/qt6/QtQml/qqmlextensionplugin.h:7,
                 from /usr/include/qt6/QtQml/QQmlExtensionPlugin:1,
                 from /home/sam/Documents/dev/latte-dock/plasmoid/plugin/lattetasksplugin.h:10,
                 from /home/sam/Documents/dev/latte-dock/plasmoid/plugin/lattetasksplugin.cpp:6:
/home/sam/Documents/dev/latte-dock/plasmoid/plugin/lattetasksplugin.cpp: In member function ‘virtual void LatteTasksPlugin::registerTypes(const char*)’:
/home/sam/Documents/dev/latte-dock/plasmoid/plugin/lattetasksplugin.cpp:17:18: error: no match for ‘operator==’ (operand types are ‘const char*’ and ‘QLatin1String’)
   17 |     Q_ASSERT(uri == QLatin1String("org.kde.latte.private.tasks"));
      |              ~~~ ^~ ~~~~~~~~~~~~~~~~~~~~~~~~~~~~~~~~~~~~~~~~~~~~
      |              |      |
      |              |      QLatin1String
      |              const char*
/home/sam/Documents/dev/latte-dock/plasmoid/plugin/lattetasksplugin.cpp:17:18: note: there are 7 candidates
   17 |     Q_ASSERT(uri == QLatin1String("org.kde.latte.private.tasks"));
      |              ~~~~^~~~~~~~~~~~~~~~~~~~~~~~~~~~~~~~~~~~~~~~~~~~~~~
In file included from /usr/include/qt6/QtCore/qcborvalue.h:9,
                 from /usr/include/qt6/QtCore/qjsonvalue.h:8,
                 from /usr/include/qt6/QtCore/qjsonobject.h:8,
                 from /usr/include/qt6/QtCore/qplugin.h:14:
/usr/include/qt6/QtCore/qcborcommon.h:63:13: note: candidate 1: ‘bool operator==(QCborTag, QCborKnownTags)’
   63 | inline bool operator==(QCborTag t, QCborKnownTags kt)   { return quint64(t) == quint64(kt); }
      |             ^~~~~~~~
/usr/include/qt6/QtCore/qcborcommon.h:63:33: note: no known conversion for argument 1 from ‘const char*’ to ‘QCborTag’
   63 | inline bool operator==(QCborTag t, QCborKnownTags kt)   { return quint64(t) == quint64(kt); }
      |                        ~~~~~~~~~^
/usr/include/qt6/QtCore/qcborcommon.h:64:13: note: candidate 2: ‘bool operator==(QCborKnownTags, QCborTag)’
   64 | inline bool operator==(QCborKnownTags kt, QCborTag t)   { return quint64(t) == quint64(kt); }
      |             ^~~~~~~~
/usr/include/qt6/QtCore/qcborcommon.h:64:39: note: no known conversion for argument 1 from ‘const char*’ to ‘QCborKnownTags’
   64 | inline bool operator==(QCborKnownTags kt, QCborTag t)   { return quint64(t) == quint64(kt); }
      |                        ~~~~~~~~~~~~~~~^~
In file included from /usr/include/qt6/QtCore/qglobal.h:61:
/usr/include/qt6/QtCore/qlatin1stringview.h:300:5: note: candidate 3: ‘bool operator==(const QStringView&, const QLatin1StringView&)’
  300 |     Q_DECLARE_STRONGLY_ORDERED(QLatin1StringView, QStringView)
      |     ^~~~~~~~~~~~~~~~~~~~~~~~~~
/usr/include/qt6/QtCore/qlatin1stringview.h:300:5: note: no known conversion for argument 1 from ‘const char*’ to ‘const QStringView&’
  300 |     Q_DECLARE_STRONGLY_ORDERED(QLatin1StringView, QStringView)
      |     ^
/usr/include/qt6/QtCore/qlatin1stringview.h:300:5: note: candidate 4: ‘bool operator==(const QLatin1StringView&, const QStringView&)’
  300 |     Q_DECLARE_STRONGLY_ORDERED(QLatin1StringView, QStringView)
      |     ^~~~~~~~~~~~~~~~~~~~~~~~~~
/usr/include/qt6/QtCore/qlatin1stringview.h:300:5: note: no known conversion for argument 1 from ‘const char*’ to ‘const QLatin1StringView&’ {aka ‘const QLatin1String&’}
  300 |     Q_DECLARE_STRONGLY_ORDERED(QLatin1StringView, QStringView)
      |     ^
/usr/include/qt6/QtCore/qlatin1stringview.h:289:5: note: candidate 5: ‘bool operator==(const QChar&, const QLatin1StringView&)’
  289 |     Q_DECLARE_STRONGLY_ORDERED(QLatin1StringView, QChar)
      |     ^~~~~~~~~~~~~~~~~~~~~~~~~~
/usr/include/qt6/QtCore/qlatin1stringview.h:289:5: note: no known conversion for argument 1 from ‘const char*’ to ‘const QChar&’
  289 |     Q_DECLARE_STRONGLY_ORDERED(QLatin1StringView, QChar)
      |     ^
/usr/include/qt6/QtCore/qlatin1stringview.h:289:5: note: candidate 6: ‘bool operator==(const QLatin1StringView&, const QChar&)’
  289 |     Q_DECLARE_STRONGLY_ORDERED(QLatin1StringView, QChar)
      |     ^~~~~~~~~~~~~~~~~~~~~~~~~~
/usr/include/qt6/QtCore/qlatin1stringview.h:289:5: note: no known conversion for argument 1 from ‘const char*’ to ‘const QLatin1StringView&’ {aka ‘const QLatin1String&’}
  289 |     Q_DECLARE_STRONGLY_ORDERED(QLatin1StringView, QChar)
      |     ^
/usr/include/qt6/QtCore/qlatin1stringview.h:277:5: note: candidate 7: ‘bool operator==(const QLatin1StringView&, const QLatin1StringView&)’
  277 |     Q_DECLARE_STRONGLY_ORDERED(QLatin1StringView)
      |     ^~~~~~~~~~~~~~~~~~~~~~~~~~
/usr/include/qt6/QtCore/qlatin1stringview.h:277:5: note: no known conversion for argument 1 from ‘const char*’ to ‘const QLatin1StringView&’ {aka ‘const QLatin1String&’}
  277 |     Q_DECLARE_STRONGLY_ORDERED(QLatin1StringView)
      |     ^
/home/sam/Documents/dev/latte-dock/plasmoid/plugin/lattetasksplugin.cpp:18:73: error: use of deleted function ‘QString::QString(const char*)’
   18 |     qmlRegisterUncreatableType<Latte::Tasks::Types>(uri, 0, 1, "Types", "Latte Tasks Types uncreatable");
      |                                                                         ^~~~~~~~~~~~~~~~~~~~~~~~~~~~~~~
In file included from /usr/include/qt6/QtCore/qobject.h:11:
/usr/include/qt6/QtCore/qstring.h:1104:5: note: declared here
 1104 |     QString(const char *ch) QSTRING_DECL_DELETED_ASCII_OP;
      |     ^~~~~~~
/home/sam/Documents/dev/latte-dock/plasmoid/plugin/lattetasksplugin.cpp:18:73: note: use ‘-fdiagnostics-all-candidates’ to display considered candidates
   18 |     qmlRegisterUncreatableType<Latte::Tasks::Types>(uri, 0, 1, "Types", "Latte Tasks Types uncreatable");
      |                                                                         ^~~~~~~~~~~~~~~~~~~~~~~~~~~~~~~
make[2]: *** [plasmoid/CMakeFiles/lattetasksplugin.dir/build.make:113: plasmoid/CMakeFiles/lattetasksplugin.dir/plugin/lattetasksplugin.cpp.o] Error 1
make[1]: *** [CMakeFiles/Makefile2:1736: plasmoid/CMakeFiles/lattetasksplugin.dir/all] Error 2
/home/sam/Documents/dev/latte-dock/containmentactions/contextmenu/menu.cpp: In member function ‘virtual void Menu::restore(const KConfigGroup&)’:
/home/sam/Documents/dev/latte-dock/containmentactions/contextmenu/menu.cpp:79:65: error: use of deleted function ‘QString::QString(const char*)’
   79 |     m_actions[Latte::Data::ContextMenu::SECTIONACTION]->setText("Latte");
      |                                                                 ^~~~~~~
In file included from /usr/include/qt6/QtCore/qobject.h:11,
                 from /usr/include/qt6/QtCore/QObject:1,
                 from /home/sam/Documents/dev/latte-dock/containmentactions/contextmenu/menu.h:10,
                 from /home/sam/Documents/dev/latte-dock/containmentactions/contextmenu/menu.cpp:6:
/usr/include/qt6/QtCore/qstring.h:1104:5: note: declared here
 1104 |     QString(const char *ch) QSTRING_DECL_DELETED_ASCII_OP;
      |     ^~~~~~~
/home/sam/Documents/dev/latte-dock/containmentactions/contextmenu/menu.cpp:79:65: note: use ‘-fdiagnostics-all-candidates’ to display considered candidates
   79 |     m_actions[Latte::Data::ContextMenu::SECTIONACTION]->setText("Latte");
      |                                                                 ^~~~~~~
/home/sam/Documents/dev/latte-dock/containmentactions/contextmenu/menu.cpp:135:66: error: use of deleted function ‘QString::QString(const char*)’
  135 |     m_actions[Latte::Data::ContextMenu::MOVEVIEWACTION]->setText("Move To Layout");
      |                                                                  ^~~~~~~~~~~~~~~~
/usr/include/qt6/QtCore/qstring.h:1104:5: note: declared here
 1104 |     QString(const char *ch) QSTRING_DECL_DELETED_ASCII_OP;
      |     ^~~~~~~
/home/sam/Documents/dev/latte-dock/containmentactions/contextmenu/menu.cpp:135:66: note: use ‘-fdiagnostics-all-candidates’ to display considered candidates
  135 |     m_actions[Latte::Data::ContextMenu::MOVEVIEWACTION]->setText("Move To Layout");
      |                                                                  ^~~~~~~~~~~~~~~~
/home/sam/Documents/dev/latte-dock/containmentactions/contextmenu/menu.cpp: In member function ‘void Menu::requestConfiguration()’:
/home/sam/Documents/dev/latte-dock/containmentactions/contextmenu/menu.cpp:191:9: error: ‘emit’ was not declared in this scope; did you mean ‘exit’?
  191 |         emit this->containment()->configureRequested(containment());
      |         ^~~~
      |         exit
/home/sam/Documents/dev/latte-dock/containmentactions/contextmenu/menu.cpp: In member function ‘void Menu::requestWidgetExplorer()’:
/home/sam/Documents/dev/latte-dock/containmentactions/contextmenu/menu.cpp:198:9: error: ‘emit’ was not declared in this scope; did you mean ‘exit’?
  198 |         emit this->containment()->showAddWidgetsInterface(QPointF());
      |         ^~~~
      |         exit
make[2]: *** [containmentactions/contextmenu/CMakeFiles/plasma_containmentactions_lattecontextmenu.dir/build.make:127: containmentactions/contextmenu/CMakeFiles/plasma_containmentactions_lattecontextmenu.dir/menu.cpp.o] Error 1
make[1]: *** [CMakeFiles/Makefile2:1542: containmentactions/contextmenu/CMakeFiles/plasma_containmentactions_lattecontextmenu.dir/all] Error 2
make: *** [Makefile:146: all] Error 2
